{
    "page": 1,
    "limit": 10,
    "total": 1,
    "pages": 1,
    "items": [
        {
            "code": "LOGAN_MUG_CODE",
            "name": "Logan Mug",
            "slug": "@string@",
            "taxons": "@array@",
            "variants": "@array@",
            "attributes": "@array@",
            "images": "@array@",
            "channelCode": "WEB_GB",
            "localeCode": "en_GB"
        }
    ],
    "filters": {
        "channel": "@array@",
        "enabled": "@array@",
        "taxonCode": "@array@",
        "taxonSlug": "@array@",
        "priceRange": "@array@",
        "locale": "@array@",
        "inStock": "@array@",
        "paginator": "@array@",
        "search": "@array@",
        "attributes": {
            "state": {
                "active": true,
                "value": {
                    "Mug material": [
                        "Wood"
                    ]
                },
                "urlParameters": {
                    "attributes": {
                        "Mug material": [
                            "Wood"
                        ]
                    }
                },
                "name": "attributes",
                "options": []
            },
            "tags": [],
            "urlParameters": {
                "channel": "WEB_GB",
                "enabled": true,
                "stock": "1",
                "locale": "en_GB",
                "attributes": {
                    "Mug material": [
                        "Wood"
                    ]
                }
            },
            "resetUrlParameters": {
                "channel": "WEB_GB",
                "enabled": true,
                "stock": "1",
                "locale": "en_GB"
            },
            "name": "attributes",
            "items": [
                {
                    "tags": [],
                    "urlParameters": [],
                    "resetUrlParameters": {
                        "channel": "WEB_GB",
                        "enabled": true,
                        "stock": "1",
                        "locale": "en_GB"
                    },
                    "name": "Mug collection",
                    "choices": {
                        "HOLIDAY COLLECTION": {
                            "active": false,
                            "default": false,
                            "urlParameters": {
                                "channel": "WEB_GB",
                                "enabled": true,
                                "stock": "1",
                                "locale": "en_GB",
                                "attributes": {
                                    "Mug material": [
                                        "Wood"
                                    ],
                                    "Mug collection": [
                                        "HOLIDAY COLLECTION"
                                    ]
                                }
                            },
                            "label": "HOLIDAY COLLECTION",
                            "count": 1
                        }
                    }
                },
                {
                    "tags": [],
                    "urlParameters": [],
                    "resetUrlParameters": {
                        "channel": "WEB_GB",
                        "enabled": true,
                        "stock": "1",
                        "locale": "en_GB"
                    },
                    "name": "Mug material",
                    "choices": {
                        "Wood": {
                            "active": true,
                            "default": false,
                            "urlParameters": {
                                "channel": "WEB_GB",
                                "enabled": true,
                                "stock": "1",
                                "locale": "en_GB",
                                "attributes": {
                                    "Mug material": []
                                }
                            },
                            "label": "Wood",
                            "count": 1
                        }
                    }
                },
                {
                    "tags": [],
                    "urlParameters": [],
                    "resetUrlParameters": {
                        "channel": "WEB_GB",
                        "enabled": true,
                        "stock": "1",
                        "locale": "en_GB"
                    },
                    "name": "Production year",
                    "choices": {
                        "2015": {
                            "active": false,
                            "default": false,
                            "urlParameters": {
                                "channel": "WEB_GB",
                                "enabled": true,
                                "stock": "1",
                                "locale": "en_GB",
                                "attributes": {
                                    "Mug material": [
                                        "Wood"
                                    ],
                                    "Production year": [
                                        "2015"
                                    ]
                                }
                            },
                            "label": "2015",
                            "count": 1
                        }
                    }
                }
            ]
        },
        "attributesByCode": "@array@",
        "options": "@array@",
        "sort": "@array@"
    }
}
