{
    "page": 1,
    "limit": 10,
    "total": 2,
    "pages": 1,
    "items": [
        {
            "code": "LOGAN_MUG_CODE",
            "name": "Logan Mug",
            "slug": "@string@",
            "taxons": "@array@",
            "variants": {
                "LOGAN_MUG_CODE": {
                    "code": "LOGAN_MUG_CODE",
                    "name": "Logan Mug",
                    "price": {
                        "current": 1000,
                        "currency": "GBP"
                    },
                    "images": "@array@"
                }
            },
            "attributes": "@array@",
            "images": "@array@",
            "channelCode": "WEB_GB",
            "localeCode": "en_GB"
        },
        {
            "code": "LOGAN_HAT_CODE",
            "name": "Logan Hat",
            "slug": "@string@",
            "taxons": "@array@",
            "variants": {
                "LOGAN_HAT_CODE": {
                    "code": "LOGAN_HAT_CODE",
                    "name": "Logan Hat",
                    "price": {
                        "current": 1500,
                        "currency": "GBP"
                    },
                    "images": "@array@"
                }
            },
            "attributes": "@array@",
            "images": "@array@",
            "channelCode": "WEB_GB",
            "localeCode": "en_GB"
        }
    ],
    "filters": {
        "channel": "@array@",
        "enabled": "@array@",
        "taxonCode": "@array@",
        "taxonSlug": "@array@",
        "priceRange": {
            "state": {
                "active": true,
                "value": {
                    "gte": "1000",
                    "lte": "1500"
                },
                "urlParameters": {
                    "price": "1000;1500"
                },
                "name": "priceRange",
                "options": []
            },
            "tags": [],
            "urlParameters": {
                "channel": "WEB_GB",
                "enabled": true,
                "stock": "1",
                "price": "1000;1500",
                "locale": "en_GB"
            },
            "resetUrlParameters": {
                "channel": "WEB_GB",
                "enabled": true,
                "stock": "1",
                "locale": "en_GB"
            },
            "name": "priceRange",
            "minBounds": 1000,
            "maxBounds": 2000
        },
        "locale": "@array@",
        "inStock": "@array@",
        "paginator": "@array@",
        "search": "@array@",
        "attributes": "@array@",
        "attributesByCode": "@array@",
        "options": "@array@",
        "sort": "@array@"
    }
}
