{
    "page": 1,
    "limit": 10,
    "total": 1,
    "pages": 1,
    "items": [
        {
            "code": "LOGAN_MUG_CODE",
            "name": "Logan Becher",
            "slug": "@string@",
            "taxons": "@array@",
            "variants": "@array@",
            "attributes": "@array@",
            "images": "@array@",
            "channelCode": "WEB_GB",
            "localeCode": "de_DE"
        }
    ],
    "filters": {
        "channel": "@array@",
        "enabled": "@array@",
        "taxonCode": "@array@",
        "taxonSlug": "@array@",
        "priceRange": "@array@",
        "locale": "@array@",
        "inStock": "@array@",
        "paginator": "@array@",
        "search": "@array@",
        "attributes": {
            "state": {
                "active": true,
                "value": {
                    "Becher Material": [
                        "Holz"
                    ]
                },
                "urlParameters": {
                    "attributes": {
                        "Becher Material": [
                            "Holz"
                        ]
                    }
                },
                "name": "attributes",
                "options": []
            },
            "tags": [],
            "urlParameters": {
                "channel": "WEB_GB",
                "enabled": true,
                "stock": "1",
                "locale": "de_DE",
                "attributes": {
                    "Becher Material": [
                        "Holz"
                    ]
                }
            },
            "resetUrlParameters": {
                "channel": "WEB_GB",
                "enabled": true,
                "stock": "1",
                "locale": "de_DE"
            },
            "name": "attributes",
            "items": [
                {
                    "tags": [],
                    "urlParameters": [],
                    "resetUrlParameters": {
                        "channel": "WEB_GB",
                        "enabled": true,
                        "stock": "1",
                        "locale": "de_DE"
                    },
                    "name": "Becher Material",
                    "choices": {
                        "Holz": {
                            "active": true,
                            "default": false,
                            "urlParameters": {
                                "channel": "WEB_GB",
                                "enabled": true,
                                "stock": "1",
                                "locale": "de_DE",
                                "attributes": {
                                    "Becher Material": []
                                }
                            },
                            "label": "Holz",
                            "count": 1
                        }
                    }
                },
                {
                    "tags": [],
                    "urlParameters": [],
                    "resetUrlParameters": {
                        "channel": "WEB_GB",
                        "enabled": true,
                        "stock": "1",
                        "locale": "de_DE"
                    },
                    "name": "Becher Sammlung",
                    "choices": {
                        "FEIERTAGSKOLLEKTION": {
                            "active": false,
                            "default": false,
                            "urlParameters": {
                                "channel": "WEB_GB",
                                "enabled": true,
                                "stock": "1",
                                "locale": "de_DE",
                                "attributes": {
                                    "Becher Material": [
                                        "Holz"
                                    ],
                                    "Becher Sammlung": [
                                        "FEIERTAGSKOLLEKTION"
                                    ]
                                }
                            },
                            "label": "FEIERTAGSKOLLEKTION",
                            "count": 1
                        }
                    }
                },
                {
                    "tags": [],
                    "urlParameters": [],
                    "resetUrlParameters": {
                        "channel": "WEB_GB",
                        "enabled": true,
                        "stock": "1",
                        "locale": "de_DE"
                    },
                    "name": "Produktionsjahr",
                    "choices": {
                        "2015": {
                            "active": false,
                            "default": false,
                            "urlParameters": {
                                "channel": "WEB_GB",
                                "enabled": true,
                                "stock": "1",
                                "locale": "de_DE",
                                "attributes": {
                                    "Becher Material": [
                                        "Holz"
                                    ],
                                    "Produktionsjahr": [
                                        "2015"
                                    ]
                                }
                            },
                            "label": "2015",
                            "count": 1
                        }
                    }
                }
            ]
        },
        "attributesByCode": "@array@",
        "options": "@array@",
        "sort": "@array@"
    }
}
