{
    "page": 1,
    "limit": 10,
    "total": 1,
    "pages": 1,
    "items": [
        {
            "code": "LOGAN_MUG_CODE",
            "name": "Logan Becher",
            "slug": "@string@",
            "taxons": "@array@",
            "variants": "@array@",
            "attributes": "@array@",
            "images": "@array@",
            "channelCode": "WEB_GB",
            "localeCode": "de_DE"
        }
    ],
    "filters": "@array@"
}
